*****************************************************************
      SolidWorks Corporation - IGES Processor Status Report
*****************************************************************
=================================================================
General Information
=================================================================
Sending System Product I.D.  : 
Receiving System Product I.D.: 
File Name                    : XBOX 360
Sending System               : Autodesk Inventor 2015
Preprocessor Version         : unknown
File Creation Date           : 20150217.163115
Model Creation Date          : 
Units                        : MM
Model Space Scale            : 1
Author                       : Gilberto
Organization                 : 


=================================================================
Entity Processing Information
=================================================================


=================================================================
Precision analysis of IGES file:
=================================================================
  Most prevalent number of significant digits:              14
  Highest number of significant digits:                     14
  Average number of significant digits:                13.6147
  Maximum distance to origin:                          690.448
  Minimum distance to origin:                        0.0349592
  Effective number of significant digits:                   14


=================================================================
Entity Summary
=================================================================
-----------------------------------------------------------------
Type Name                                         Count Converted
---- ----                                         ----- ---------
126  Rational B-spline curve                       5600      5600
128  Rational B-spline surface                     1888      1888
186  Manifold Solid B-rep Object                      4         4
314  Color definition                                 8         8
406  Property                                         1         1
502  Vertex list                                      4         4
504  Edge entity                                      4         4
508  Loop entity                                   2278      2278
510  Face entity                                   1888      1888
514  Shell entity                                     4         4
_________________________________________________________________


=================================================================
Result Summary
=================================================================
SolidWorks Feature Type                Count
-----------------------                -----
Solid feature(s)                       4
Surface feature(s)                     0
Curve/Sketch feature(s)                0
--------------------------------------------
Start time: Tuesday, January 26, 2016 10:12:30
Finish time: Tuesday, January 26, 2016 10:12:49
Processing time: 0 days, 00 hours, 00 mins, 19 secs
